// Jest Snapshot v1, https://goo.gl/fbAQLP

exports[`anything query fetches Author 1`] = `
{
  "anything": {
    "__typename": "Author",
    "books": [
      {
        "description": "Natus aliquam iste rem.",
        "id": "Mi1Cb29r",
        "title": "Dolorem Alias Qui Asperiores",
      },
      {
        "description": "Ipsa reiciendis nam.",
        "id": "MS1Cb29r",
        "title": "Fugit Facilis Mollitia",
      },
      {
        "description": "Iste aliquid odit aperiam dolore voluptatibus nemo.",
        "id": "My1Cb29r",
        "title": "Sit Dolore",
      },
    ],
    "id": "MS1BdXRob3I=",
    "name": "Miss Sadie Deckow-Reynolds",
  },
}
`;

exports[`anything query fetches Book 1`] = `
{
  "anything": {
    "__typename": "Book",
    "description": "Ipsa reiciendis nam.",
    "id": "MS1Cb29r",
    "title": "Fugit Facilis Mollitia",
  },
}
`;

exports[`fetches with aliases 1`] = `
{
  "author": {
    "description": "Iste rem consequatur eum sit.",
    "headline": "Mr. Leonard Deckow V",
    "id": "Mi1BdXRob3I=",
  },
  "something": {
    "description": "Ipsa reiciendis nam.",
    "externalId": "MS1Cb29r",
    "headline": "Fugit Facilis Mollitia",
    "id": "MS1Cb29r",
  },
  "user": {
    "description": "Laudantium maiores provident quam aperiam nulla.",
    "headline": "Christina Greenholt III",
    "id": "MS1Vc2Vy",
  },
}
`;
