// Jest Snapshot v1, https://goo.gl/fbAQLP

exports[`books query fetches books along with authors and books again 1`] = `
Object {
  "books": Array [
    Object {
      "author": Object {
        "books": Array [
          Object {
            "title": "Dolorem Alias Qui Asperiores",
          },
          Object {
            "title": "Fugit Facilis Mollitia",
          },
        ],
        "name": "Andrzej Sapkowski",
      },
      "title": "Dolorem Alias Qui Asperiores",
    },
    Object {
      "author": Object {
        "books": Array [
          Object {
            "title": "Dolorem Alias Qui Asperiores",
          },
          Object {
            "title": "Fugit Facilis Mollitia",
          },
        ],
        "name": "Andrzej Sapkowski",
      },
      "title": "Fugit Facilis Mollitia",
    },
  ],
}
`;

exports[`books query fetches books with authors 1`] = `
Object {
  "books": Array [
    Object {
      "author": Object {
        "id": "MS1BdXRob3I=",
        "name": "Tolkien",
      },
      "id": "MS1Cb29r",
      "title": "Hobbit",
    },
    Object {
      "author": Object {
        "id": "My1BdXRob3I=",
        "name": "Wilbur Klein",
      },
      "id": "NC1Cb29r",
      "title": "Laboriosam Aliquam Aut Quasi",
    },
    Object {
      "author": Object {
        "id": "MS1BdXRob3I=",
        "name": "Tolkien",
      },
      "id": "Mi1Cb29r",
      "title": "Lord of the Rings",
    },
    Object {
      "author": Object {
        "id": "Mi1BdXRob3I=",
        "name": "Nancy Leffler",
      },
      "id": "My1Cb29r",
      "title": "Porro",
    },
  ],
  "booksCount": 4,
}
`;
