// Jest Snapshot v1, https://goo.gl/fbAQLP

exports[`books query fetches books along with authors and books again 1`] = `
Object {
  "books": Array [
    Object {
      "author": Object {
        "books": Array [
          Object {
            "title": "Sit Et Corporis Laborum",
          },
          Object {
            "title": "Suscipit Animi Qui Impedit",
          },
        ],
        "name": "Andrzej Sapkowski",
      },
      "title": "Sit Et Corporis Laborum",
    },
    Object {
      "author": Object {
        "books": Array [
          Object {
            "title": "Sit Et Corporis Laborum",
          },
          Object {
            "title": "Suscipit Animi Qui Impedit",
          },
        ],
        "name": "Andrzej Sapkowski",
      },
      "title": "Suscipit Animi Qui Impedit",
    },
  ],
}
`;

exports[`books query fetches books with authors 1`] = `
Object {
  "books": Array [
    Object {
      "author": Object {
        "id": "MS1BdXRob3I=",
        "name": "Tolkien",
      },
      "id": "MS1Cb29r",
      "title": "Hobbit",
    },
    Object {
      "author": Object {
        "id": "MS1BdXRob3I=",
        "name": "Tolkien",
      },
      "id": "Mi1Cb29r",
      "title": "Lord of the Rings",
    },
    Object {
      "author": Object {
        "id": "My1BdXRob3I=",
        "name": "Katie Haag",
      },
      "id": "NC1Cb29r",
      "title": "Nobis Quia",
    },
    Object {
      "author": Object {
        "id": "Mi1BdXRob3I=",
        "name": "Mrs. Boyd Hilll",
      },
      "id": "My1Cb29r",
      "title": "Totam Quae Eos",
    },
  ],
  "booksCount": 4,
}
`;
