// Jest Snapshot v1, https://goo.gl/fbAQLP

exports[`authors query 1`] = `
Object {
  "authors": Array [
    Object {
      "books": Array [
        Object {
          "description": "Consequatur incidunt blanditiis sunt repellendus et velit eum sint voluptatibus.",
          "id": "My1Cb29r",
          "title": "Nostrum",
        },
        Object {
          "description": "Consequatur et voluptatem nostrum cupiditate laborum in.",
          "id": "Mi1Cb29r",
          "title": "Sit Et Corporis Laborum",
        },
        Object {
          "description": "Voluptatem inventore ut quisquam fugiat itaque non alias.",
          "id": "MS1Cb29r",
          "title": "Suscipit Animi Qui Impedit",
        },
      ],
      "id": "MS1BdXRob3I=",
      "name": "Lorene Deckow",
    },
    Object {
      "books": Array [
        Object {
          "description": "Incidunt nobis et.",
          "id": "NC1Cb29r",
          "title": "Corporis Perferendis",
        },
        Object {
          "description": "Aperiam quia voluptates reprehenderit quaerat sit distinctio possimus enim.",
          "id": "NS1Cb29r",
          "title": "Quia Est Dolores",
        },
      ],
      "id": "Mi1BdXRob3I=",
      "name": "Orville Mohr",
    },
  ],
}
`;
