// Jest Snapshot v1, https://goo.gl/fbAQLP

exports[`resource query fetches Author 1`] = `
Object {
  "resource": Object {
    "__typename": "Author",
    "bio": "Dolor animi mollitia sequi ducimus sequi aspernatur inventore.",
    "id": "MS1BdXRob3I=",
    "name": "Lorene Deckow",
  },
}
`;

exports[`resource query fetches Book 1`] = `
Object {
  "resource": Object {
    "__typename": "Book",
    "description": "Voluptatem inventore ut quisquam fugiat itaque non alias.",
    "id": "MS1Cb29r",
    "title": "Suscipit Animi Qui Impedit",
  },
}
`;
